[estadodigital.mingobierno.gob.bo/cudap/certificado/valid/U2FsdGVkX18Q/yiYjtfsy2lAAaMLHV+00LEBb26NchA=/U2FsdGVkX1+7naNeDJ0sZX20gOZae5jZXT6fafGIqqQ=.html]
[backblue.gif]
[fade.gif]
[index.html]
[estadodigital.mingobierno.gob.bo/cudap/certificado/valid/U2FsdGVkX18Q/yiYjtfsy2lAAaMLHV+00LEBb26NchA=/favicon.html]
[estadodigital.mingobierno.gob.bo/cudap/certificado/valid/U2FsdGVkX18Q/yiYjtfsy2lAAaMLHV+00LEBb26NchA=/apple-touch-icon.html]
[cdnjs.cloudflare.com/ajax/libs/Swiper/5.4.5/css/swiper.css]
[code.jquery.com/jquery-3.3.1.js]
[cdnjs.cloudflare.com/ajax/libs/select2/4.0.6-rc.0/js/select2.min.js]
[estadodigital.mingobierno.gob.bo/cudap/certificado/valid/U2FsdGVkX18Q/yiYjtfsy2lAAaMLHV+00LEBb26NchA=/U2FsdGVkX1+7naNeDJ0sZX20gOZae5jZXT6fafGIqqQ=.html]
[estadodigital.mingobierno.gob.bo/cudap/certificado/valid/U2FsdGVkX18Q/yiYjtfsy2lAAaMLHV+00LEBb26NchA=/favicon.html]
[estadodigital.mingobierno.gob.bo/cudap/certificado/valid/U2FsdGVkX18Q/yiYjtfsy2lAAaMLHV+00LEBb26NchA=/apple-touch-icon.html]
[cdnjs.cloudflare.com/ajax/libs/Swiper/5.4.5/css/swiper.css]
[cdnjs.cloudflare.com/ajax/libs/jquery.inputmask/3.3.4/jquery.inputmask.bundle.min.js]
